D:\ra164-2016\lab3_1\implementation\system.ngc 1553765556
D:/ra164-2016/lab3_1/implementation/system_dip_switches_wrapper.ngc 1553765514
D:/ra164-2016/lab3_1/implementation/system_my_peripheral_0_wrapper.ngc 1553765520
D:/ra164-2016/lab3_1/implementation/system_vga_peripheral_0_wrapper.ngc 1553765530
D:/ra164-2016/lab3_1/implementation/system_rs232_wrapper.ngc 1553765507
D:/ra164-2016/lab3_1/implementation/system_proc_sys_reset_0_wrapper.ngc 1553765430
D:/ra164-2016/lab3_1/implementation/system_clock_generator_0_wrapper.ngc 1553765541
D:/ra164-2016/lab3_1/implementation/system_microblaze_0_ilmb_wrapper.ngc 1553765533
D:/ra164-2016/lab3_1/implementation/system_microblaze_0_dlmb_wrapper.ngc 1553765535
D:/ra164-2016/lab3_1/implementation/system_axi4lite_0_wrapper.ngc 1553765544
D:/ra164-2016/lab3_1/implementation/system_microblaze_0_wrapper.ngc 1553765538
D:/ra164-2016/lab3_1/implementation/system_microblaze_0_i_bram_ctrl_wrapper.ngc 1553765440
D:/ra164-2016/lab3_1/implementation/system_microblaze_0_d_bram_ctrl_wrapper.ngc 1553765449
D:/ra164-2016/lab3_1/implementation/system_debug_module_wrapper.ngc 1553765487
D:/ra164-2016/lab3_1/implementation/system_microblaze_0_bram_block_wrapper.ngc 1553765454
