D:\ra164-2016\lab3_1\implementation\system.ngc 1554103943
D:/ra164-2016/lab3_1/implementation/system_dip_switches_wrapper.ngc 1554103901
D:/ra164-2016/lab3_1/implementation/system_my_peripheral_0_wrapper.ngc 1554103907
D:/ra164-2016/lab3_1/implementation/system_vga_peripheral_0_wrapper.ngc 1554103917
D:/ra164-2016/lab3_1/implementation/char_rom_def.ngc 1551949768
D:/ra164-2016/lab3_1/implementation/system_rs232_wrapper.ngc 1554103894
D:/ra164-2016/lab3_1/implementation/system_proc_sys_reset_0_wrapper.ngc 1554103819
D:/ra164-2016/lab3_1/implementation/system_clock_generator_0_wrapper.ngc 1554103928
D:/ra164-2016/lab3_1/implementation/system_microblaze_0_ilmb_wrapper.ngc 1554103920
D:/ra164-2016/lab3_1/implementation/system_microblaze_0_dlmb_wrapper.ngc 1554103923
D:/ra164-2016/lab3_1/implementation/system_axi4lite_0_wrapper.ngc 1554103931
D:/ra164-2016/lab3_1/implementation/system_microblaze_0_wrapper.ngc 1554103926
D:/ra164-2016/lab3_1/implementation/system_microblaze_0_i_bram_ctrl_wrapper.ngc 1554103828
D:/ra164-2016/lab3_1/implementation/system_microblaze_0_d_bram_ctrl_wrapper.ngc 1554103838
D:/ra164-2016/lab3_1/implementation/system_debug_module_wrapper.ngc 1554103874
D:/ra164-2016/lab3_1/implementation/system_microblaze_0_bram_block_wrapper.ngc 1554103843
OK
